// Vitest Snapshot v1, https://vitest.dev/guide/snapshot.html

exports[`CSS Serializer > snapshot 1`] = `
":root {
  --sunfade-bg0-hard: #1d1916;
  --sunfade-bg0: #28201b;
  --sunfade-bg0-soft: #332720;
  --sunfade-bg1: #3b2d25;
  --sunfade-bg2: #4e392e;
  --sunfade-bg3: #654a39;
  --sunfade-bg4: #7f604a;
  --sunfade-fg0: #fff1d6;
  --sunfade-fg1: #ead3b0;
  --sunfade-fg2: #d5b991;
  --sunfade-fg3: #b99b75;
  --sunfade-fg4: #a78762;
  --sunfade-gray: #937456;
  --sunfade-bright-red: #e4775f;
  --sunfade-bright-green: #a1a45b;
  --sunfade-bright-yellow: #dfa54c;
  --sunfade-bright-blue: #89a3a4;
  --sunfade-bright-purple: #b28aa0;
  --sunfade-bright-aqua: #91a586;
  --sunfade-bright-orange: #e58349;
  --sunfade-neutral-red: #c05a45;
  --sunfade-neutral-green: #7f873f;
  --sunfade-neutral-yellow: #c28a38;
  --sunfade-neutral-blue: #66828a;
  --sunfade-neutral-purple: #9a6f86;
  --sunfade-neutral-aqua: #6e8b70;
  --sunfade-neutral-orange: #c46a35;
  --sunfade-faded-red: #914334;
  --sunfade-faded-green: #61682f;
  --sunfade-faded-yellow: #906222;
  --sunfade-faded-blue: #49666d;
  --sunfade-faded-purple: #735063;
  --sunfade-faded-aqua: #4f6a54;
  --sunfade-faded-orange: #92502b;
  --sunfade-deep-red: #602e25;
  --sunfade-deep-green: #434820;
  --sunfade-deep-yellow: #593a11;
  --sunfade-deep-blue: #2f484d;
  --sunfade-deep-purple: #4a3340;
  --sunfade-deep-aqua: #324738;
  --sunfade-deep-orange: #62361f;
}
"
`;

exports[`Ghostty Serializer > snapshot 1`] = `
"# Sunfade 1971 theme
# Palette: test v1

background = #28201b
foreground = #ead3b0
cursor-color = #fff1d6
selection-background = #4e392e
selection-foreground = #ead3b0

# ANSI normal colors (0-7)
palette = 0=#28201b
palette = 1=#c05a45
palette = 2=#7f873f
palette = 3=#c28a38
palette = 4=#66828a
palette = 5=#9a6f86
palette = 6=#6e8b70
palette = 7=#a78762

# ANSI bright colors (8-15)
palette = 8=#937456
palette = 9=#e4775f
palette = 10=#a1a45b
palette = 11=#dfa54c
palette = 12=#89a3a4
palette = 13=#b28aa0
palette = 14=#91a586
palette = 15=#ead3b0
"
`;

exports[`MUI Serializer > snapshot 1`] = `
"// Sunfade 1971 MUI theme — generated by Sunfade 1971
// Mode: dark | Contrast: medium

import { createTheme } from '@mui/material/styles';

// Module augmentation for custom palette extensions
declare module '@mui/material/styles' {
  interface PaletteColor {
    darker?: string;
  }
  interface SimplePaletteColorOptions {
    darker?: string;
  }
  interface Palette {
    orange: PaletteColor;
  }
  interface PaletteOptions {
    orange?: SimplePaletteColorOptions;
    terminalHeader?: { background: string; text: string };
  }
  interface Palette {
    terminalHeader: { background: string; text: string };
  }
}

const theme = createTheme({
  palette: {
    mode: 'dark',
    background: {
      default: '#28201b',
      paper: '#3b2d25',
    },
    text: {
      primary: '#ead3b0',
      secondary: '#d5b991',
      disabled: '#a78762',
    },
    primary: {
      light: '#89a3a4',
      main: '#879a9a',
      dark: '#49666d',
      darker: '#2f484d',
      contrastText: '#1d1916',
    },
    secondary: {
      light: '#b28aa0',
      main: '#b18d98',
      dark: '#735063',
      darker: '#4a3340',
      contrastText: '#1d1916',
    },
    error: {
      light: '#e4775f',
      main: '#d1826b',
      dark: '#914334',
      darker: '#602e25',
      contrastText: '#1d1916',
    },
    warning: {
      light: '#dfa54c',
      main: '#c38c3a',
      dark: '#906222',
      darker: '#593a11',
      contrastText: '#1d1916',
    },
    success: {
      light: '#a1a45b',
      main: '#979b5b',
      dark: '#61682f',
      darker: '#434820',
      contrastText: '#1d1916',
    },
    info: {
      light: '#91a586',
      main: '#879d82',
      dark: '#4f6a54',
      darker: '#324738',
      contrastText: '#1d1916',
    },
    orange: {
      light: '#e58349',
      main: '#d08454',
      dark: '#92502b',
      darker: '#62361f',
      contrastText: '#1d1916',
    },
    terminalHeader: {
      background: '#fff1d6',
      text: '#1d1916',
    },
    divider: '#4e392e',
    action: {
      hover: '#ead3b014',
      selected: '#ead3b029',
      disabled: '#a78762',
      disabledBackground: '#332720',
    },
  },
  shape: { borderRadius: 2 },
  typography: {
    fontFamily: 'ui-monospace, SFMono-Regular, Menlo, Monaco, Consolas, "Liberation Mono", monospace',
  },
  components: {
    MuiCssBaseline: {
      styleOverrides: {
        body: {
          backgroundColor: '#28201b',
          color: '#ead3b0',
          backgroundImage: 'none',
        },
        '::selection': {
          backgroundColor: '#879a9a',
          color: '#1d1916',
        },
      },
    },
    MuiPaper: {
      styleOverrides: {
        root: {
          backgroundImage: 'none',
          borderColor: '#4e392e',
          borderRadius: 2,
        },
      },
    },
    MuiCard: {
      styleOverrides: {
        root: {
          border: '1px solid #4e392e',
          borderRadius: 2,
          boxShadow: 'none',
        },
      },
    },
    MuiAppBar: {
      styleOverrides: {
        root: {
          backgroundColor: '#fff1d6',
          color: '#1d1916',
          border: '1px solid #4e392e',
        },
      },
      defaultProps: { elevation: 0 },
    },
    MuiToggleButton: {
      styleOverrides: {
        root: {
          color: '#ead3b0',
          borderRadius: 2,
          minHeight: 40,
          '&.Mui-selected': { color: '#ead3b0', backgroundColor: '#3b2d25' },
          '&:focus-visible': { outline: '2px solid #879a9a', outlineOffset: 2 },
        },
      },
    },
    MuiButton: {
      styleOverrides: {
        root: {
          border: '1px solid #4e392e',
          borderRadius: 2,
          boxShadow: 'none',
          minHeight: 40,
          fontWeight: 600,
          textTransform: 'none' as const,
          '&:focus-visible': { outline: '2px solid #879a9a', outlineOffset: 2 },
        },
        contained: { boxShadow: 'none' },
      },
    },
    MuiButtonBase: {
      styleOverrides: {
        root: {
          '&.Mui-focusVisible': { outline: '2px solid #879a9a', outlineOffset: 2 },
        },
      },
    },
    MuiIconButton: {
      styleOverrides: {
        root: {
          border: '1px solid #4e392e',
          borderRadius: 2,
          minWidth: 40,
          minHeight: 40,
          '&:focus-visible': { outline: '2px solid #879a9a', outlineOffset: 2 },
        },
      },
    },
    MuiTab: {
      styleOverrides: {
        root: {
          border: '1px solid transparent',
          borderRadius: 2,
          color: '#d5b991',
          '&.Mui-selected': {
            color: '#1d1916',
            backgroundColor: '#fff1d6',
          },
          '&:focus-visible': { outline: '2px solid #879a9a', outlineOffset: 1 },
        },
      },
    },
    MuiOutlinedInput: {
      styleOverrides: {
        root: {
          borderRadius: 2,
          '&.Mui-focused .MuiOutlinedInput-notchedOutline': {
            borderWidth: 1,
            borderColor: '#879a9a',
          },
        },
        notchedOutline: { borderWidth: 1, borderColor: '#4e392e' },
      },
    },
    MuiInput: {
      styleOverrides: {
        underline: {
          '&:after': { borderBottomWidth: 1, borderBottomColor: '#879a9a' },
        },
      },
    },
    MuiSelect: {
      styleOverrides: {
        icon: { color: '#d5b991' },
      },
    },
    MuiFilledInput: {
      styleOverrides: {
        root: {
          backgroundColor: '#332720',
          border: '1px solid #4e392e',
          borderRadius: 2,
          '&:before, &:after': { display: 'none' },
          '&:hover': { backgroundColor: '#3b2d25' },
          '&.Mui-focused': { backgroundColor: '#332720' },
          '&.Mui-disabled': { backgroundColor: '#332720' },
        },
      },
    },
    MuiAccordionSummary: {
      styleOverrides: {
        root: {
          backgroundColor: '#fff1d6',
          color: '#1d1916',
          borderRadius: 2,
          '&.Mui-expanded': { minHeight: 48, borderBottom: '1px solid #4e392e' },
        },
        content: { '&.Mui-expanded': { margin: '12px 0' } },
        expandIconWrapper: {
          color: '#1d1916',
        },
      },
    },
    MuiAccordion: {
      styleOverrides: {
        root: {
          border: '1px solid #4e392e',
          borderRadius: 2,
          boxShadow: 'none',
          '&:before': { display: 'none' },
        },
      },
    },
    MuiChip: {
      styleOverrides: {
        root: {
          border: '1px solid #4e392e',
          borderRadius: 2,
          '&.MuiChip-filledPrimary': { backgroundColor: '#879a9a', color: '#1d1916' },
          '&.MuiChip-filledSecondary': { backgroundColor: '#b18d98', color: '#1d1916' },
          '&.MuiChip-filledError': { backgroundColor: '#d1826b', color: '#1d1916' },
          '&.MuiChip-filledWarning': { backgroundColor: '#c38c3a', color: '#1d1916' },
          '&.MuiChip-filledSuccess': { backgroundColor: '#979b5b', color: '#1d1916' },
          '&.MuiChip-filledInfo': { backgroundColor: '#879d82', color: '#1d1916' },
        },
      },
    },
    MuiAlert: {
      styleOverrides: {
        root: {
          border: '1px solid #4e392e',
          borderRadius: 2,
          '&.MuiAlert-filledError': { backgroundColor: '#d1826b', color: '#1d1916' },
          '&.MuiAlert-filledWarning': { backgroundColor: '#c38c3a', color: '#1d1916' },
          '&.MuiAlert-filledSuccess': { backgroundColor: '#979b5b', color: '#1d1916' },
          '&.MuiAlert-filledInfo': { backgroundColor: '#879d82', color: '#1d1916' },
        },
      },
    },
    MuiPopover: {
      styleOverrides: {
        paper: {
          border: '3px double #4e392e',
          borderRadius: 2,
          boxShadow: 'none',
        },
      },
    },
    MuiDrawer: {
      styleOverrides: {
        paper: {
          backgroundColor: '#3b2d25',
          borderColor: '#4e392e',
          borderRadius: 2,
          boxShadow: 'none',
        },
        root: {
          '&.MuiDrawer-modal .MuiDrawer-paper': { border: '3px double #4e392e' },
          '&.MuiDrawer-docked .MuiDrawer-paper': { border: '1px solid #4e392e' },
        },
      },
    },
    MuiDialog: {
      styleOverrides: {
        paper: {
          border: '3px double #4e392e',
          borderRadius: 2,
          boxShadow: 'none',
        },
      },
    },
    MuiTooltip: {
      styleOverrides: {
        tooltip: { border: '1px solid #4e392e', borderRadius: 2 },
      },
    },
    MuiTableCell: {
      styleOverrides: {
        root: {
          borderBottomColor: '#4e392e',
        },
      },
    },
  },
});

export default theme;
"
`;
