// Vitest Snapshot v1, https://vitest.dev/guide/snapshot.html

exports[`CSS Serializer > snapshot 1`] = `
":root {
  --sunfade-bg0-hard: #1d1916;
  --sunfade-bg0: #28201b;
  --sunfade-bg0-soft: #332720;
  --sunfade-bg1: #3b2d25;
  --sunfade-bg2: #4e392e;
  --sunfade-bg3: #654a39;
  --sunfade-bg4: #7f604a;
  --sunfade-fg0: #fff1d6;
  --sunfade-fg1: #ead3b0;
  --sunfade-fg2: #d5b991;
  --sunfade-fg3: #b99b75;
  --sunfade-fg4: #a78762;
  --sunfade-gray: #937456;
  --sunfade-bright-red: #e4775f;
  --sunfade-bright-green: #a1a45b;
  --sunfade-bright-yellow: #dfa54c;
  --sunfade-bright-blue: #89a3a4;
  --sunfade-bright-purple: #b28aa0;
  --sunfade-bright-aqua: #91a586;
  --sunfade-bright-orange: #e58349;
  --sunfade-neutral-red: #c05a45;
  --sunfade-neutral-green: #7f873f;
  --sunfade-neutral-yellow: #c28a38;
  --sunfade-neutral-blue: #66828a;
  --sunfade-neutral-purple: #9a6f86;
  --sunfade-neutral-aqua: #6e8b70;
  --sunfade-neutral-orange: #c46a35;
  --sunfade-faded-red: #914334;
  --sunfade-faded-green: #61682f;
  --sunfade-faded-yellow: #906222;
  --sunfade-faded-blue: #49666d;
  --sunfade-faded-purple: #735063;
  --sunfade-faded-aqua: #4f6a54;
  --sunfade-faded-orange: #92502b;
  --sunfade-deep-red: #602e25;
  --sunfade-deep-green: #434820;
  --sunfade-deep-yellow: #593a11;
  --sunfade-deep-blue: #2f484d;
  --sunfade-deep-purple: #4a3340;
  --sunfade-deep-aqua: #324738;
  --sunfade-deep-orange: #62361f;
}
"
`;

exports[`Ghostty Serializer > snapshot 1`] = `
"# Sunfade Retro theme
# Palette: test v1

background = #28201b
foreground = #ead3b0
cursor-color = #fff1d6
selection-background = #4e392e
selection-foreground = #ead3b0

# ANSI normal colors (0-7)
palette = 0=#28201b
palette = 1=#c05a45
palette = 2=#7f873f
palette = 3=#c28a38
palette = 4=#66828a
palette = 5=#9a6f86
palette = 6=#6e8b70
palette = 7=#a78762

# ANSI bright colors (8-15)
palette = 8=#937456
palette = 9=#e4775f
palette = 10=#a1a45b
palette = 11=#dfa54c
palette = 12=#89a3a4
palette = 13=#b28aa0
palette = 14=#91a586
palette = 15=#ead3b0
"
`;

exports[`MUI Serializer > snapshot 1`] = `
"// Sunfade Retro MUI theme — generated by Sunfade Retro
// Mode: dark | Contrast: medium

import { createTheme } from '@mui/material/styles';

// Module augmentation for custom palette extensions
declare module '@mui/material/styles' {
  interface PaletteColor {
    darker?: string;
  }
  interface SimplePaletteColorOptions {
    darker?: string;
  }
  interface Palette {
    orange: PaletteColor;
  }
  interface PaletteOptions {
    orange?: SimplePaletteColorOptions;
  }
}

const theme = createTheme({
  palette: {
    mode: 'dark',
    background: {
      default: '#28201b',
      paper: '#3b2d25',
    },
    text: {
      primary: '#ead3b0',
      secondary: '#d5b991',
      disabled: '#a78762',
    },
    primary: {
      light: '#89a3a4',
      main: '#66828a',
      dark: '#49666d',
      darker: '#2f484d',
    },
    secondary: {
      light: '#b28aa0',
      main: '#9a6f86',
      dark: '#735063',
      darker: '#4a3340',
    },
    error: {
      light: '#e4775f',
      main: '#c05a45',
      dark: '#914334',
      darker: '#602e25',
    },
    warning: {
      light: '#dfa54c',
      main: '#c28a38',
      dark: '#906222',
      darker: '#593a11',
    },
    success: {
      light: '#a1a45b',
      main: '#7f873f',
      dark: '#61682f',
      darker: '#434820',
    },
    info: {
      light: '#91a586',
      main: '#6e8b70',
      dark: '#4f6a54',
      darker: '#324738',
    },
    orange: {
      light: '#e58349',
      main: '#c46a35',
      dark: '#92502b',
      darker: '#62361f',
    },
    divider: '#4e392e',
    action: {
      hover: '#a7876214',
      selected: '#a7876229',
      disabled: '#a78762',
      disabledBackground: '#4e392e',
    },
  },
  components: {
    MuiCssBaseline: {
      styleOverrides: {
        body: {
          backgroundColor: '#28201b',
          color: '#ead3b0',
        },
      },
    },
    MuiPaper: {
      styleOverrides: {
        root: {
          backgroundColor: '#3b2d25',
          borderColor: '#4e392e',
        },
      },
    },
    MuiAppBar: {
      styleOverrides: {
        root: {
          backgroundColor: '#1d1916',
          color: '#ead3b0',
        },
      },
    },
    MuiButton: {
      styleOverrides: {
        root: {
          borderRadius: 4,
          textTransform: 'none' as const,
        },
      },
    },
    MuiTableCell: {
      styleOverrides: {
        root: {
          borderBottomColor: '#4e392e',
        },
      },
    },
  },
});

export default theme;
"
`;
